warning: associated function `default` is never used
   --> src/config.rs:111:12
    |
78  | impl Config {
    | ----------- associated function in this implementation
...
111 |     pub fn default() -> Self {
    |            ^^^^^^^
    |
    = note: `#[warn(dead_code)]` on by default

warning: struct `Replicator` is never constructed
  --> src/replication.rs:74:12
   |
74 | pub struct Replicator {
   |            ^^^^^^^^^^

warning: associated items `new`, `publish_set`, `publish_delete`, and `start_replication_handler` are never used
   --> src/replication.rs:102:18
    |
85  | impl Replicator {
    | --------------- associated items in this implementation
...
102 |     pub async fn new(config: &Config) -> Result<Self> {
    |                  ^^^
...
168 |     pub async fn publish_set(&self, key: &str, value: &str) -> Result<()> {
    |                  ^^^^^^^^^^^
...
202 |     pub async fn publish_delete(&self, key: &str) -> Result<()> {
    |                  ^^^^^^^^^^^^^^
...
245 |     pub async fn start_replication_handler(
    |                  ^^^^^^^^^^^^^^^^^^^^^^^^^

warning: method `keys` is never used
   --> src/store/kv_engine.rs:150:12
    |
48  | impl KvEngine {
    | ------------- method in this implementation
...
150 |     pub fn keys(&self) -> Vec<String> {
    |            ^^^^

warning: function `encode_leaf` is never used
 --> src/store/merkle.rs:7:4
  |
7 | fn encode_leaf(key: &str, value: &str) -> Vec<u8> {
  |    ^^^^^^^^^^^

warning: struct `MerkleNode` is never constructed
  --> src/store/merkle.rs:19:12
   |
19 | pub struct MerkleNode {
   |            ^^^^^^^^^^

warning: struct `MerkleTree` is never constructed
  --> src/store/merkle.rs:28:12
   |
28 | pub struct MerkleTree {
   |            ^^^^^^^^^^

warning: multiple associated items are never used
   --> src/store/merkle.rs:36:12
    |
34  | impl MerkleTree {
    | --------------- associated items in this implementation
35  |     /// Create an empty Merkle tree.
36  |     pub fn new() -> Self {
    |            ^^^
...
45  |     fn compute_leaf_hash(key: &str, value: &str) -> Vec<u8> {
    |        ^^^^^^^^^^^^^^^^^
...
52  |     pub fn insert(&mut self, key: &str, value: &str) {
    |            ^^^^^^
...
59  |     pub fn remove(&mut self, key: &str) {
    |            ^^^^^^
...
65  |     pub fn get_root_hash(&self) -> Option<&Vec<u8>> {
    |            ^^^^^^^^^^^^^
...
73  |     fn rebuild(&mut self) {
    |        ^^^^^^^
...
126 |     pub fn inorder_keys(&self) -> Vec<String> {
    |            ^^^^^^^^^^^^
...
133 |     pub fn leaves(&self) -> Vec<(String, Vec<u8>)> {
    |            ^^^^^^
...
142 |     pub fn preorder_hashes(&self) -> Vec<Vec<u8>> {
    |            ^^^^^^^^^^^^^^^
...
156 |     pub fn node_count(&self) -> usize {
    |            ^^^^^^^^^^
...
171 |     pub fn diff_keys(&self, other: &MerkleTree) -> Vec<String> {
    |            ^^^^^^^^^
...
199 |     pub fn diff_first_key(&self, other: &MerkleTree) -> Option<String> {
    |            ^^^^^^^^^^^^^^

warning: struct `SyncManager` is never constructed
  --> src/sync.rs:41:12
   |
41 | pub struct SyncManager {
   |            ^^^^^^^^^^^

warning: associated items `new`, `start_sync_loop`, `sync_with_peer`, and `update_merkle_tree` are never used
   --> src/sync.rs:70:12
    |
56  | impl SyncManager {
    | ---------------- associated items in this implementation
...
70  |     pub fn new(config: &Config, store: KvEngine) -> Self {
    |            ^^^
...
108 |     pub async fn start_sync_loop(&mut self) {
    |                  ^^^^^^^^^^^^^^^
...
160 |     async fn sync_with_peer(&self, _peer: &str) -> Result<()> {
    |              ^^^^^^^^^^^^^^
...
200 |     pub fn update_merkle_tree(&mut self) {
    |            ^^^^^^^^^^^^^^^^^^

warning: `merkle_kv` (bin "merkle_kv") generated 10 warnings
    Finished `dev` profile [unoptimized + debuginfo] target(s) in 0.11s
     Running `target/debug/merkle_kv`
